{
  "dependencies": {
    "detox": "^7.0.0-alpha.0"
  }
}
